#                 Statistics Report
#  Circuit name                                C1355
#  Fault model                                   SAF
#  Pattern type                                BASIC
#  -------------------------------------------------
#  Fault classes                             #faults
#  ----------------------------  -------------------
#    FU (full)                                  3398
#    FU (collapsed)                             2246
#    --------------------------  -------------------
#    UD (undetected)                            1272
#    PT (possibly testable)                        0
#    AU (atpg untestable)                          0
#    RE (redundant)                                0
#    AB (atpg abort)                               0
#    TI (tied)                                     0
#    --------------------------  -------------------
#    DT (detected)                              2126
#  -------------------------------------------------
#  Coverage                               percentage
#    --------------------------  -------------------
#    test coverage                            62.57%
#    fault coverage                           62.57%
#    atpg effectiveness                       62.57%
#  -------------------------------------------------
#  #Patterns                                      53
#  -------------------------------------------------
#  ATPG runtime                           0.007555 s
#  -------------------------------------------------
