#                 Statistics Report
#  Circuit name                                C3540
#  Fault model                                   SAF
#  Pattern type                                BASIC
#  -------------------------------------------------
#  Fault classes                             #faults
#  ----------------------------  -------------------
#    FU (full)                                 11012
#    FU (collapsed)                             6534
#    --------------------------  -------------------
#    UD (undetected)                            7770
#    PT (possibly testable)                        0
#    AU (atpg untestable)                          0
#    RE (redundant)                                0
#    AB (atpg abort)                               0
#    TI (tied)                                     0
#    --------------------------  -------------------
#    DT (detected)                              3242
#  -------------------------------------------------
#  Coverage                               percentage
#    --------------------------  -------------------
#    test coverage                            29.44%
#    fault coverage                           29.44%
#    atpg effectiveness                       29.44%
#  -------------------------------------------------
#  #Patterns                                      44
#  -------------------------------------------------
#  ATPG runtime                            0.04664 s
#  -------------------------------------------------
