#                 Statistics Report
#  Circuit name                                 C499
#  Fault model                                   SAF
#  Pattern type                                BASIC
#  -------------------------------------------------
#  Fault classes                             #faults
#  ----------------------------  -------------------
#    FU (full)                                  3190
#    FU (collapsed)                             2038
#    --------------------------  -------------------
#    UD (undetected)                             112
#    PT (possibly testable)                        0
#    AU (atpg untestable)                          0
#    RE (redundant)                                0
#    AB (atpg abort)                               0
#    TI (tied)                                     0
#    --------------------------  -------------------
#    DT (detected)                              3078
#  -------------------------------------------------
#  Coverage                               percentage
#    --------------------------  -------------------
#    test coverage                            96.49%
#    fault coverage                           96.49%
#    atpg effectiveness                       96.49%
#  -------------------------------------------------
#  #Patterns                                      32
#  -------------------------------------------------
#  ATPG runtime                           0.009482 s
#  -------------------------------------------------
