#                 Statistics Report
#  Circuit name                                 C880
#  Fault model                                   SAF
#  Pattern type                                BASIC
#  -------------------------------------------------
#  Fault classes                             #faults
#  ----------------------------  -------------------
#    FU (full)                                  3044
#    FU (collapsed)                             1902
#    --------------------------  -------------------
#    UD (undetected)                            1181
#    PT (possibly testable)                        0
#    AU (atpg untestable)                          0
#    RE (redundant)                                0
#    AB (atpg abort)                               0
#    TI (tied)                                     0
#    --------------------------  -------------------
#    DT (detected)                              1863
#  -------------------------------------------------
#  Coverage                               percentage
#    --------------------------  -------------------
#    test coverage                             61.2%
#    fault coverage                            61.2%
#    atpg effectiveness                        61.2%
#  -------------------------------------------------
#  #Patterns                                      27
#  -------------------------------------------------
#  ATPG runtime                           0.004348 s
#  -------------------------------------------------
