#                 Statistics Report
#  Circuit name                                  C17
#  Fault model                                   SAF
#  Pattern type                                BASIC
#  -------------------------------------------------
#  Fault classes                             #faults
#  ----------------------------  -------------------
#    FU (full)                                    50
#    FU (collapsed)                               38
#    --------------------------  -------------------
#    UD (undetected)                               1
#    PT (possibly testable)                        0
#    AU (atpg untestable)                          0
#    RE (redundant)                                0
#    AB (atpg abort)                               0
#    TI (tied)                                     0
#    --------------------------  -------------------
#    DT (detected)                                49
#  -------------------------------------------------
#  Coverage                               percentage
#    --------------------------  -------------------
#    test coverage                               98%
#    fault coverage                              98%
#    atpg effectiveness                          98%
#  -------------------------------------------------
#  #Patterns                                       5
#  -------------------------------------------------
#  ATPG runtime                           0.000261 s
#  -------------------------------------------------
