#                 Statistics Report
#  Circuit name                                C7552
#  Fault model                                   SAF
#  Pattern type                                BASIC
#  -------------------------------------------------
#  Fault classes                             #faults
#  ----------------------------  -------------------
#    FU (full)                                 28610
#    FU (collapsed)                            16722
#    --------------------------  -------------------
#    UD (undetected)                               0
#    PT (possibly testable)                        0
#    AU (atpg untestable)                        193
#    RE (redundant)                                0
#    AB (atpg abort)                             282
#    TI (tied)                                     0
#    --------------------------  -------------------
#    DT (detected)                             28135
#  -------------------------------------------------
#  Coverage                               percentage
#    --------------------------  -------------------
#    test coverage                            99.01%
#    fault coverage                           98.34%
#    atpg effectiveness                       99.01%
#  -------------------------------------------------
#  #Patterns                                     112
#  -------------------------------------------------
#  ATPG runtime                              130.7 s
#  -------------------------------------------------
