#                 Statistics Report
#  Circuit name                                C2670
#  Fault model                                   SAF
#  Pattern type                                BASIC
#  -------------------------------------------------
#  Fault classes                             #faults
#  ----------------------------  -------------------
#    FU (full)                                  9650
#    FU (collapsed)                             5873
#    --------------------------  -------------------
#    UD (undetected)                               0
#    PT (possibly testable)                        0
#    AU (atpg untestable)                        318
#    RE (redundant)                                0
#    AB (atpg abort)                              41
#    TI (tied)                                     0
#    --------------------------  -------------------
#    DT (detected)                              9291
#  -------------------------------------------------
#  Coverage                               percentage
#    --------------------------  -------------------
#    test coverage                            99.56%
#    fault coverage                           96.28%
#    atpg effectiveness                       99.58%
#  -------------------------------------------------
#  #Patterns                                      65
#  -------------------------------------------------
#  ATPG runtime                              20.33 s
#  -------------------------------------------------
